// Jest Snapshot v1, https://goo.gl/fbAQLP

exports[`WebviewsManagementScreen should delete webview 1`] = `
<View
  style={
    {
      "flex": 1,
      "paddingHorizontal": "1%",
    }
  }
>
  <View
    style={
      {
        "alignItems": "center",
        "flexDirection": "row",
        "justifyContent": "space-between",
        "marginBottom": 5,
        "marginTop": 10,
        "paddingHorizontal": "2%",
        "paddingVertical": 15,
      }
    }
  >
    <View
      accessibilityState={
        {
          "busy": undefined,
          "checked": undefined,
          "disabled": undefined,
          "expanded": undefined,
          "selected": undefined,
        }
      }
      accessibilityValue={
        {
          "max": undefined,
          "min": undefined,
          "now": undefined,
          "text": undefined,
        }
      }
      accessible={true}
      collapsable={false}
      focusable={true}
      onClick={[Function]}
      onResponderGrant={[Function]}
      onResponderMove={[Function]}
      onResponderRelease={[Function]}
      onResponderTerminate={[Function]}
      onResponderTerminationRequest={[Function]}
      onStartShouldSetResponder={[Function]}
      style={
        {
          "opacity": 1,
        }
      }
    >
      <Ionicons
        color="#ffffff"
        name="close-outline"
        size={24}
      />
    </View>
    <View
      accessibilityState={
        {
          "busy": undefined,
          "checked": undefined,
          "disabled": undefined,
          "expanded": undefined,
          "selected": undefined,
        }
      }
      accessibilityValue={
        {
          "max": undefined,
          "min": undefined,
          "now": undefined,
          "text": undefined,
        }
      }
      accessible={true}
      collapsable={false}
      focusable={true}
      onClick={[Function]}
      onResponderGrant={[Function]}
      onResponderMove={[Function]}
      onResponderRelease={[Function]}
      onResponderTerminate={[Function]}
      onResponderTerminationRequest={[Function]}
      onStartShouldSetResponder={[Function]}
      style={
        {
          "opacity": 1,
        }
      }
    >
      <Entypo
        color="#ffffff"
        name="add-to-list"
        size={24}
      />
    </View>
  </View>
  <RCTScrollView>
    <View>
      <View
        style={
          {
            "alignItems": "center",
            "marginTop": 10,
            "paddingBottom": 20,
          }
        }
      >
        <View
          style={
            [
              {
                "alignItems": "center",
                "backgroundColor": "#1e1e1e",
                "borderColor": "#403430",
                "borderRadius": 16,
                "borderWidth": 1,
                "flexDirection": "row",
                "height": 75,
                "justifyContent": "space-between",
                "marginVertical": 15,
                "width": "95%",
              },
              {
                "height": 65,
                "marginVertical": 10,
                "width": "100%",
              },
            ]
          }
        >
          <View
            accessibilityState={
              {
                "busy": undefined,
                "checked": undefined,
                "disabled": undefined,
                "expanded": undefined,
                "selected": undefined,
              }
            }
            accessibilityValue={
              {
                "max": undefined,
                "min": undefined,
                "now": undefined,
                "text": undefined,
              }
            }
            accessible={true}
            collapsable={false}
            focusable={true}
            onClick={[Function]}
            onResponderGrant={[Function]}
            onResponderMove={[Function]}
            onResponderRelease={[Function]}
            onResponderTerminate={[Function]}
            onResponderTerminationRequest={[Function]}
            onStartShouldSetResponder={[Function]}
            style={
              {
                "flex": 0.85,
                "opacity": 1,
                "paddingLeft": 15,
              }
            }
          >
            <Text
              ellipsizeMode="tail"
              numberOfLines={1}
              style={
                [
                  {
                    "fontFamily": "Raleway-Regular",
                  },
                  [
                    {
                      "color": "#b2b2b2",
                      "fontSize": 18,
                    },
                    {
                      "fontSize": 14,
                    },
                    false,
                  ],
                ]
              }
            >
              Google
            </Text>
          </View>
          <View
            style={
              [
                {
                  "alignItems": "center",
                  "flexDirection": "row",
                  "paddingRight": "2%",
                },
                {
                  "flex": 0.55,
                  "justifyContent": "flex-end",
                  "paddingRight": 5,
                },
              ]
            }
          >
            <View
              style={
                [
                  {
                    "flexDirection": "row",
                    "marginRight": 30,
                  },
                  {
                    "marginRight": 5,
                  },
                  false,
                ]
              }
            >
              <View
                accessibilityState={
                  {
                    "busy": undefined,
                    "checked": undefined,
                    "disabled": undefined,
                    "expanded": undefined,
                    "selected": undefined,
                  }
                }
                accessibilityValue={
                  {
                    "max": undefined,
                    "min": undefined,
                    "now": undefined,
                    "text": undefined,
                  }
                }
                accessible={true}
                collapsable={false}
                focusable={true}
                onClick={[Function]}
                onResponderGrant={[Function]}
                onResponderMove={[Function]}
                onResponderRelease={[Function]}
                onResponderTerminate={[Function]}
                onResponderTerminationRequest={[Function]}
                onStartShouldSetResponder={[Function]}
                style={
                  {
                    "opacity": 1,
                    "padding": 5,
                  }
                }
              >
                <AntDesign
                  name="up"
                  size={23}
                  style={
                    [
                      {
                        "marginRight": 0,
                      },
                      {
                        "color": "#b2b2b2",
                      },
                    ]
                  }
                />
              </View>
              <View
                accessibilityState={
                  {
                    "busy": undefined,
                    "checked": undefined,
                    "disabled": undefined,
                    "expanded": undefined,
                    "selected": undefined,
                  }
                }
                accessibilityValue={
                  {
                    "max": undefined,
                    "min": undefined,
                    "now": undefined,
                    "text": undefined,
                  }
                }
                accessible={true}
                collapsable={false}
                focusable={true}
                onClick={[Function]}
                onResponderGrant={[Function]}
                onResponderMove={[Function]}
                onResponderRelease={[Function]}
                onResponderTerminate={[Function]}
                onResponderTerminationRequest={[Function]}
                onStartShouldSetResponder={[Function]}
                style={
                  {
                    "opacity": 1,
                    "padding": 5,
                  }
                }
              >
                <AntDesign
                  name="down"
                  size={23}
                  style={
                    [
                      {
                        "marginLeft": 0,
                      },
                      {
                        "marginRight": 0,
                      },
                      {
                        "color": "#b2b2b2",
                      },
                    ]
                  }
                />
              </View>
            </View>
            <View
              style={
                [
                  {
                    "alignItems": "center",
                    "flexDirection": "row",
                    "height": 45,
                    "justifyContent": "space-between",
                    "marginRight": 10,
                    "width": 90,
                  },
                  {
                    "height": 40,
                    "marginRight": 0,
                    "width": 80,
                  },
                  false,
                ]
              }
            >
              <View
                accessibilityState={
                  {
                    "busy": undefined,
                    "checked": undefined,
                    "disabled": undefined,
                    "expanded": undefined,
                    "selected": undefined,
                  }
                }
                accessibilityValue={
                  {
                    "max": undefined,
                    "min": undefined,
                    "now": undefined,
                    "text": undefined,
                  }
                }
                accessible={true}
                collapsable={false}
                focusable={true}
                onClick={[Function]}
                onResponderGrant={[Function]}
                onResponderMove={[Function]}
                onResponderRelease={[Function]}
                onResponderTerminate={[Function]}
                onResponderTerminationRequest={[Function]}
                onStartShouldSetResponder={[Function]}
                style={
                  {
                    "minWidth": 40,
                    "opacity": 1,
                    "padding": 5,
                  }
                }
              >
                <EvilIcons
                  name="pencil"
                  size={29}
                  style={
                    [
                      {
                        "marginRight": 0,
                      },
                      {
                        "color": "#b2b2b2",
                      },
                    ]
                  }
                />
              </View>
              <View
                accessibilityState={
                  {
                    "busy": undefined,
                    "checked": undefined,
                    "disabled": undefined,
                    "expanded": undefined,
                    "selected": undefined,
                  }
                }
                accessibilityValue={
                  {
                    "max": undefined,
                    "min": undefined,
                    "now": undefined,
                    "text": undefined,
                  }
                }
                accessible={true}
                collapsable={false}
                focusable={true}
                onClick={[Function]}
                onResponderGrant={[Function]}
                onResponderMove={[Function]}
                onResponderRelease={[Function]}
                onResponderTerminate={[Function]}
                onResponderTerminationRequest={[Function]}
                onStartShouldSetResponder={[Function]}
                style={
                  {
                    "minWidth": 40,
                    "opacity": 1,
                    "padding": 5,
                  }
                }
              >
                <Ionicons
                  name="trash-outline"
                  size={23}
                  style={
                    {
                      "color": "#b2b2b2",
                    }
                  }
                />
              </View>
            </View>
          </View>
        </View>
      </View>
    </View>
  </RCTScrollView>
</View>
`;

exports[`WebviewsManagementScreen should edit webview 1`] = `
<View
  style={
    {
      "flex": 1,
      "paddingHorizontal": "1%",
    }
  }
>
  <View
    style={
      {
        "alignItems": "center",
        "flexDirection": "row",
        "justifyContent": "space-between",
        "marginBottom": 5,
        "marginTop": 10,
        "paddingHorizontal": "2%",
        "paddingVertical": 15,
      }
    }
  >
    <View
      accessibilityState={
        {
          "busy": undefined,
          "checked": undefined,
          "disabled": undefined,
          "expanded": undefined,
          "selected": undefined,
        }
      }
      accessibilityValue={
        {
          "max": undefined,
          "min": undefined,
          "now": undefined,
          "text": undefined,
        }
      }
      accessible={true}
      collapsable={false}
      focusable={true}
      onClick={[Function]}
      onResponderGrant={[Function]}
      onResponderMove={[Function]}
      onResponderRelease={[Function]}
      onResponderTerminate={[Function]}
      onResponderTerminationRequest={[Function]}
      onStartShouldSetResponder={[Function]}
      style={
        {
          "opacity": 1,
        }
      }
    >
      <Ionicons
        color="#ffffff"
        name="close-outline"
        size={24}
      />
    </View>
    <View
      accessibilityState={
        {
          "busy": undefined,
          "checked": undefined,
          "disabled": undefined,
          "expanded": undefined,
          "selected": undefined,
        }
      }
      accessibilityValue={
        {
          "max": undefined,
          "min": undefined,
          "now": undefined,
          "text": undefined,
        }
      }
      accessible={true}
      collapsable={false}
      focusable={true}
      onClick={[Function]}
      onResponderGrant={[Function]}
      onResponderMove={[Function]}
      onResponderRelease={[Function]}
      onResponderTerminate={[Function]}
      onResponderTerminationRequest={[Function]}
      onStartShouldSetResponder={[Function]}
      style={
        {
          "opacity": 1,
        }
      }
    >
      <Entypo
        color="#ffffff"
        name="add-to-list"
        size={24}
      />
    </View>
  </View>
  <RCTScrollView>
    <View>
      <View
        style={
          {
            "alignItems": "center",
            "marginTop": 10,
            "paddingBottom": 20,
          }
        }
      >
        <View
          style={
            [
              {
                "alignItems": "center",
                "backgroundColor": "#1e1e1e",
                "borderColor": "#403430",
                "borderRadius": 16,
                "borderWidth": 1,
                "flexDirection": "row",
                "height": 75,
                "justifyContent": "space-between",
                "marginVertical": 15,
                "width": "95%",
              },
              {
                "height": 65,
                "marginVertical": 10,
                "width": "100%",
              },
            ]
          }
        >
          <View
            accessibilityState={
              {
                "busy": undefined,
                "checked": undefined,
                "disabled": undefined,
                "expanded": undefined,
                "selected": undefined,
              }
            }
            accessibilityValue={
              {
                "max": undefined,
                "min": undefined,
                "now": undefined,
                "text": undefined,
              }
            }
            accessible={true}
            collapsable={false}
            focusable={true}
            onClick={[Function]}
            onResponderGrant={[Function]}
            onResponderMove={[Function]}
            onResponderRelease={[Function]}
            onResponderTerminate={[Function]}
            onResponderTerminationRequest={[Function]}
            onStartShouldSetResponder={[Function]}
            style={
              {
                "flex": 0.85,
                "opacity": 1,
                "paddingLeft": 15,
              }
            }
          >
            <Text
              ellipsizeMode="tail"
              numberOfLines={1}
              style={
                [
                  {
                    "fontFamily": "Raleway-Regular",
                  },
                  [
                    {
                      "color": "#b2b2b2",
                      "fontSize": 18,
                    },
                    {
                      "fontSize": 14,
                    },
                    false,
                  ],
                ]
              }
            >
              Google
            </Text>
          </View>
          <View
            style={
              [
                {
                  "alignItems": "center",
                  "flexDirection": "row",
                  "paddingRight": "2%",
                },
                {
                  "flex": 0.55,
                  "justifyContent": "flex-end",
                  "paddingRight": 5,
                },
              ]
            }
          >
            <View
              style={
                [
                  {
                    "flexDirection": "row",
                    "marginRight": 30,
                  },
                  {
                    "marginRight": 5,
                  },
                  false,
                ]
              }
            >
              <View
                accessibilityState={
                  {
                    "busy": undefined,
                    "checked": undefined,
                    "disabled": undefined,
                    "expanded": undefined,
                    "selected": undefined,
                  }
                }
                accessibilityValue={
                  {
                    "max": undefined,
                    "min": undefined,
                    "now": undefined,
                    "text": undefined,
                  }
                }
                accessible={true}
                collapsable={false}
                focusable={true}
                onClick={[Function]}
                onResponderGrant={[Function]}
                onResponderMove={[Function]}
                onResponderRelease={[Function]}
                onResponderTerminate={[Function]}
                onResponderTerminationRequest={[Function]}
                onStartShouldSetResponder={[Function]}
                style={
                  {
                    "opacity": 1,
                    "padding": 5,
                  }
                }
              >
                <AntDesign
                  name="up"
                  size={23}
                  style={
                    [
                      {
                        "marginRight": 0,
                      },
                      {
                        "color": "#b2b2b2",
                      },
                    ]
                  }
                />
              </View>
              <View
                accessibilityState={
                  {
                    "busy": undefined,
                    "checked": undefined,
                    "disabled": undefined,
                    "expanded": undefined,
                    "selected": undefined,
                  }
                }
                accessibilityValue={
                  {
                    "max": undefined,
                    "min": undefined,
                    "now": undefined,
                    "text": undefined,
                  }
                }
                accessible={true}
                collapsable={false}
                focusable={true}
                onClick={[Function]}
                onResponderGrant={[Function]}
                onResponderMove={[Function]}
                onResponderRelease={[Function]}
                onResponderTerminate={[Function]}
                onResponderTerminationRequest={[Function]}
                onStartShouldSetResponder={[Function]}
                style={
                  {
                    "opacity": 1,
                    "padding": 5,
                  }
                }
              >
                <AntDesign
                  name="down"
                  size={23}
                  style={
                    [
                      {
                        "marginLeft": 0,
                      },
                      {
                        "marginRight": 0,
                      },
                      {
                        "color": "#b2b2b2",
                      },
                    ]
                  }
                />
              </View>
            </View>
            <View
              style={
                [
                  {
                    "alignItems": "center",
                    "flexDirection": "row",
                    "height": 45,
                    "justifyContent": "space-between",
                    "marginRight": 10,
                    "width": 90,
                  },
                  {
                    "height": 40,
                    "marginRight": 0,
                    "width": 80,
                  },
                  false,
                ]
              }
            >
              <View
                accessibilityState={
                  {
                    "busy": undefined,
                    "checked": undefined,
                    "disabled": undefined,
                    "expanded": undefined,
                    "selected": undefined,
                  }
                }
                accessibilityValue={
                  {
                    "max": undefined,
                    "min": undefined,
                    "now": undefined,
                    "text": undefined,
                  }
                }
                accessible={true}
                collapsable={false}
                focusable={true}
                onClick={[Function]}
                onResponderGrant={[Function]}
                onResponderMove={[Function]}
                onResponderRelease={[Function]}
                onResponderTerminate={[Function]}
                onResponderTerminationRequest={[Function]}
                onStartShouldSetResponder={[Function]}
                style={
                  {
                    "minWidth": 40,
                    "opacity": 1,
                    "padding": 5,
                  }
                }
              >
                <EvilIcons
                  name="pencil"
                  size={29}
                  style={
                    [
                      {
                        "marginRight": 0,
                      },
                      {
                        "color": "#b2b2b2",
                      },
                    ]
                  }
                />
              </View>
              <View
                accessibilityState={
                  {
                    "busy": undefined,
                    "checked": undefined,
                    "disabled": undefined,
                    "expanded": undefined,
                    "selected": undefined,
                  }
                }
                accessibilityValue={
                  {
                    "max": undefined,
                    "min": undefined,
                    "now": undefined,
                    "text": undefined,
                  }
                }
                accessible={true}
                collapsable={false}
                focusable={true}
                onClick={[Function]}
                onResponderGrant={[Function]}
                onResponderMove={[Function]}
                onResponderRelease={[Function]}
                onResponderTerminate={[Function]}
                onResponderTerminationRequest={[Function]}
                onStartShouldSetResponder={[Function]}
                style={
                  {
                    "minWidth": 40,
                    "opacity": 1,
                    "padding": 5,
                  }
                }
              >
                <Ionicons
                  name="trash-outline"
                  size={23}
                  style={
                    {
                      "color": "#b2b2b2",
                    }
                  }
                />
              </View>
            </View>
          </View>
        </View>
      </View>
    </View>
  </RCTScrollView>
</View>
`;

exports[`WebviewsManagementScreen should move webview down 1`] = `
<View
  style={
    {
      "flex": 1,
      "paddingHorizontal": "1%",
    }
  }
>
  <View
    style={
      {
        "alignItems": "center",
        "flexDirection": "row",
        "justifyContent": "space-between",
        "marginBottom": 5,
        "marginTop": 10,
        "paddingHorizontal": "2%",
        "paddingVertical": 15,
      }
    }
  >
    <View
      accessibilityState={
        {
          "busy": undefined,
          "checked": undefined,
          "disabled": undefined,
          "expanded": undefined,
          "selected": undefined,
        }
      }
      accessibilityValue={
        {
          "max": undefined,
          "min": undefined,
          "now": undefined,
          "text": undefined,
        }
      }
      accessible={true}
      collapsable={false}
      focusable={true}
      onClick={[Function]}
      onResponderGrant={[Function]}
      onResponderMove={[Function]}
      onResponderRelease={[Function]}
      onResponderTerminate={[Function]}
      onResponderTerminationRequest={[Function]}
      onStartShouldSetResponder={[Function]}
      style={
        {
          "opacity": 1,
        }
      }
    >
      <Ionicons
        color="#ffffff"
        name="close-outline"
        size={24}
      />
    </View>
    <View
      accessibilityState={
        {
          "busy": undefined,
          "checked": undefined,
          "disabled": undefined,
          "expanded": undefined,
          "selected": undefined,
        }
      }
      accessibilityValue={
        {
          "max": undefined,
          "min": undefined,
          "now": undefined,
          "text": undefined,
        }
      }
      accessible={true}
      collapsable={false}
      focusable={true}
      onClick={[Function]}
      onResponderGrant={[Function]}
      onResponderMove={[Function]}
      onResponderRelease={[Function]}
      onResponderTerminate={[Function]}
      onResponderTerminationRequest={[Function]}
      onStartShouldSetResponder={[Function]}
      style={
        {
          "opacity": 1,
        }
      }
    >
      <Entypo
        color="#ffffff"
        name="add-to-list"
        size={24}
      />
    </View>
  </View>
  <RCTScrollView>
    <View>
      <View
        style={
          {
            "alignItems": "center",
            "marginTop": 10,
            "paddingBottom": 20,
          }
        }
      >
        <View
          style={
            [
              {
                "alignItems": "center",
                "backgroundColor": "#1e1e1e",
                "borderColor": "#403430",
                "borderRadius": 16,
                "borderWidth": 1,
                "flexDirection": "row",
                "height": 75,
                "justifyContent": "space-between",
                "marginVertical": 15,
                "width": "95%",
              },
              {
                "height": 65,
                "marginVertical": 10,
                "width": "100%",
              },
            ]
          }
        >
          <View
            accessibilityState={
              {
                "busy": undefined,
                "checked": undefined,
                "disabled": undefined,
                "expanded": undefined,
                "selected": undefined,
              }
            }
            accessibilityValue={
              {
                "max": undefined,
                "min": undefined,
                "now": undefined,
                "text": undefined,
              }
            }
            accessible={true}
            collapsable={false}
            focusable={true}
            onClick={[Function]}
            onResponderGrant={[Function]}
            onResponderMove={[Function]}
            onResponderRelease={[Function]}
            onResponderTerminate={[Function]}
            onResponderTerminationRequest={[Function]}
            onStartShouldSetResponder={[Function]}
            style={
              {
                "flex": 0.85,
                "opacity": 1,
                "paddingLeft": 15,
              }
            }
          >
            <Text
              ellipsizeMode="tail"
              numberOfLines={1}
              style={
                [
                  {
                    "fontFamily": "Raleway-Regular",
                  },
                  [
                    {
                      "color": "#b2b2b2",
                      "fontSize": 18,
                    },
                    {
                      "fontSize": 14,
                    },
                    false,
                  ],
                ]
              }
            >
              Google
            </Text>
          </View>
          <View
            style={
              [
                {
                  "alignItems": "center",
                  "flexDirection": "row",
                  "paddingRight": "2%",
                },
                {
                  "flex": 0.55,
                  "justifyContent": "flex-end",
                  "paddingRight": 5,
                },
              ]
            }
          >
            <View
              style={
                [
                  {
                    "flexDirection": "row",
                    "marginRight": 30,
                  },
                  {
                    "marginRight": 5,
                  },
                  false,
                ]
              }
            >
              <View
                accessibilityState={
                  {
                    "busy": undefined,
                    "checked": undefined,
                    "disabled": undefined,
                    "expanded": undefined,
                    "selected": undefined,
                  }
                }
                accessibilityValue={
                  {
                    "max": undefined,
                    "min": undefined,
                    "now": undefined,
                    "text": undefined,
                  }
                }
                accessible={true}
                collapsable={false}
                focusable={true}
                onClick={[Function]}
                onResponderGrant={[Function]}
                onResponderMove={[Function]}
                onResponderRelease={[Function]}
                onResponderTerminate={[Function]}
                onResponderTerminationRequest={[Function]}
                onStartShouldSetResponder={[Function]}
                style={
                  {
                    "opacity": 1,
                    "padding": 5,
                  }
                }
              >
                <AntDesign
                  name="up"
                  size={23}
                  style={
                    [
                      {
                        "marginRight": 0,
                      },
                      {
                        "color": "#b2b2b2",
                      },
                    ]
                  }
                />
              </View>
              <View
                accessibilityState={
                  {
                    "busy": undefined,
                    "checked": undefined,
                    "disabled": undefined,
                    "expanded": undefined,
                    "selected": undefined,
                  }
                }
                accessibilityValue={
                  {
                    "max": undefined,
                    "min": undefined,
                    "now": undefined,
                    "text": undefined,
                  }
                }
                accessible={true}
                collapsable={false}
                focusable={true}
                onClick={[Function]}
                onResponderGrant={[Function]}
                onResponderMove={[Function]}
                onResponderRelease={[Function]}
                onResponderTerminate={[Function]}
                onResponderTerminationRequest={[Function]}
                onStartShouldSetResponder={[Function]}
                style={
                  {
                    "opacity": 1,
                    "padding": 5,
                  }
                }
              >
                <AntDesign
                  name="down"
                  size={23}
                  style={
                    [
                      {
                        "marginLeft": 0,
                      },
                      {
                        "marginRight": 0,
                      },
                      {
                        "color": "#b2b2b2",
                      },
                    ]
                  }
                />
              </View>
            </View>
            <View
              style={
                [
                  {
                    "alignItems": "center",
                    "flexDirection": "row",
                    "height": 45,
                    "justifyContent": "space-between",
                    "marginRight": 10,
                    "width": 90,
                  },
                  {
                    "height": 40,
                    "marginRight": 0,
                    "width": 80,
                  },
                  false,
                ]
              }
            >
              <View
                accessibilityState={
                  {
                    "busy": undefined,
                    "checked": undefined,
                    "disabled": undefined,
                    "expanded": undefined,
                    "selected": undefined,
                  }
                }
                accessibilityValue={
                  {
                    "max": undefined,
                    "min": undefined,
                    "now": undefined,
                    "text": undefined,
                  }
                }
                accessible={true}
                collapsable={false}
                focusable={true}
                onClick={[Function]}
                onResponderGrant={[Function]}
                onResponderMove={[Function]}
                onResponderRelease={[Function]}
                onResponderTerminate={[Function]}
                onResponderTerminationRequest={[Function]}
                onStartShouldSetResponder={[Function]}
                style={
                  {
                    "minWidth": 40,
                    "opacity": 1,
                    "padding": 5,
                  }
                }
              >
                <EvilIcons
                  name="pencil"
                  size={29}
                  style={
                    [
                      {
                        "marginRight": 0,
                      },
                      {
                        "color": "#b2b2b2",
                      },
                    ]
                  }
                />
              </View>
              <View
                accessibilityState={
                  {
                    "busy": undefined,
                    "checked": undefined,
                    "disabled": undefined,
                    "expanded": undefined,
                    "selected": undefined,
                  }
                }
                accessibilityValue={
                  {
                    "max": undefined,
                    "min": undefined,
                    "now": undefined,
                    "text": undefined,
                  }
                }
                accessible={true}
                collapsable={false}
                focusable={true}
                onClick={[Function]}
                onResponderGrant={[Function]}
                onResponderMove={[Function]}
                onResponderRelease={[Function]}
                onResponderTerminate={[Function]}
                onResponderTerminationRequest={[Function]}
                onStartShouldSetResponder={[Function]}
                style={
                  {
                    "minWidth": 40,
                    "opacity": 1,
                    "padding": 5,
                  }
                }
              >
                <Ionicons
                  name="trash-outline"
                  size={23}
                  style={
                    {
                      "color": "#b2b2b2",
                    }
                  }
                />
              </View>
            </View>
          </View>
        </View>
      </View>
    </View>
  </RCTScrollView>
</View>
`;

exports[`WebviewsManagementScreen should move webview up 1`] = `
<View
  style={
    {
      "flex": 1,
      "paddingHorizontal": "1%",
    }
  }
>
  <View
    style={
      {
        "alignItems": "center",
        "flexDirection": "row",
        "justifyContent": "space-between",
        "marginBottom": 5,
        "marginTop": 10,
        "paddingHorizontal": "2%",
        "paddingVertical": 15,
      }
    }
  >
    <View
      accessibilityState={
        {
          "busy": undefined,
          "checked": undefined,
          "disabled": undefined,
          "expanded": undefined,
          "selected": undefined,
        }
      }
      accessibilityValue={
        {
          "max": undefined,
          "min": undefined,
          "now": undefined,
          "text": undefined,
        }
      }
      accessible={true}
      collapsable={false}
      focusable={true}
      onClick={[Function]}
      onResponderGrant={[Function]}
      onResponderMove={[Function]}
      onResponderRelease={[Function]}
      onResponderTerminate={[Function]}
      onResponderTerminationRequest={[Function]}
      onStartShouldSetResponder={[Function]}
      style={
        {
          "opacity": 1,
        }
      }
    >
      <Ionicons
        color="#ffffff"
        name="close-outline"
        size={24}
      />
    </View>
    <View
      accessibilityState={
        {
          "busy": undefined,
          "checked": undefined,
          "disabled": undefined,
          "expanded": undefined,
          "selected": undefined,
        }
      }
      accessibilityValue={
        {
          "max": undefined,
          "min": undefined,
          "now": undefined,
          "text": undefined,
        }
      }
      accessible={true}
      collapsable={false}
      focusable={true}
      onClick={[Function]}
      onResponderGrant={[Function]}
      onResponderMove={[Function]}
      onResponderRelease={[Function]}
      onResponderTerminate={[Function]}
      onResponderTerminationRequest={[Function]}
      onStartShouldSetResponder={[Function]}
      style={
        {
          "opacity": 1,
        }
      }
    >
      <Entypo
        color="#ffffff"
        name="add-to-list"
        size={24}
      />
    </View>
  </View>
  <RCTScrollView>
    <View>
      <View
        style={
          {
            "alignItems": "center",
            "marginTop": 10,
            "paddingBottom": 20,
          }
        }
      >
        <View
          style={
            [
              {
                "alignItems": "center",
                "backgroundColor": "#1e1e1e",
                "borderColor": "#403430",
                "borderRadius": 16,
                "borderWidth": 1,
                "flexDirection": "row",
                "height": 75,
                "justifyContent": "space-between",
                "marginVertical": 15,
                "width": "95%",
              },
              {
                "height": 65,
                "marginVertical": 10,
                "width": "100%",
              },
            ]
          }
        >
          <View
            accessibilityState={
              {
                "busy": undefined,
                "checked": undefined,
                "disabled": undefined,
                "expanded": undefined,
                "selected": undefined,
              }
            }
            accessibilityValue={
              {
                "max": undefined,
                "min": undefined,
                "now": undefined,
                "text": undefined,
              }
            }
            accessible={true}
            collapsable={false}
            focusable={true}
            onClick={[Function]}
            onResponderGrant={[Function]}
            onResponderMove={[Function]}
            onResponderRelease={[Function]}
            onResponderTerminate={[Function]}
            onResponderTerminationRequest={[Function]}
            onStartShouldSetResponder={[Function]}
            style={
              {
                "flex": 0.85,
                "opacity": 1,
                "paddingLeft": 15,
              }
            }
          >
            <Text
              ellipsizeMode="tail"
              numberOfLines={1}
              style={
                [
                  {
                    "fontFamily": "Raleway-Regular",
                  },
                  [
                    {
                      "color": "#b2b2b2",
                      "fontSize": 18,
                    },
                    {
                      "fontSize": 14,
                    },
                    false,
                  ],
                ]
              }
            >
              Google
            </Text>
          </View>
          <View
            style={
              [
                {
                  "alignItems": "center",
                  "flexDirection": "row",
                  "paddingRight": "2%",
                },
                {
                  "flex": 0.55,
                  "justifyContent": "flex-end",
                  "paddingRight": 5,
                },
              ]
            }
          >
            <View
              style={
                [
                  {
                    "flexDirection": "row",
                    "marginRight": 30,
                  },
                  {
                    "marginRight": 5,
                  },
                  false,
                ]
              }
            >
              <View
                accessibilityState={
                  {
                    "busy": undefined,
                    "checked": undefined,
                    "disabled": undefined,
                    "expanded": undefined,
                    "selected": undefined,
                  }
                }
                accessibilityValue={
                  {
                    "max": undefined,
                    "min": undefined,
                    "now": undefined,
                    "text": undefined,
                  }
                }
                accessible={true}
                collapsable={false}
                focusable={true}
                onClick={[Function]}
                onResponderGrant={[Function]}
                onResponderMove={[Function]}
                onResponderRelease={[Function]}
                onResponderTerminate={[Function]}
                onResponderTerminationRequest={[Function]}
                onStartShouldSetResponder={[Function]}
                style={
                  {
                    "opacity": 1,
                    "padding": 5,
                  }
                }
              >
                <AntDesign
                  name="up"
                  size={23}
                  style={
                    [
                      {
                        "marginRight": 0,
                      },
                      {
                        "color": "#b2b2b2",
                      },
                    ]
                  }
                />
              </View>
              <View
                accessibilityState={
                  {
                    "busy": undefined,
                    "checked": undefined,
                    "disabled": undefined,
                    "expanded": undefined,
                    "selected": undefined,
                  }
                }
                accessibilityValue={
                  {
                    "max": undefined,
                    "min": undefined,
                    "now": undefined,
                    "text": undefined,
                  }
                }
                accessible={true}
                collapsable={false}
                focusable={true}
                onClick={[Function]}
                onResponderGrant={[Function]}
                onResponderMove={[Function]}
                onResponderRelease={[Function]}
                onResponderTerminate={[Function]}
                onResponderTerminationRequest={[Function]}
                onStartShouldSetResponder={[Function]}
                style={
                  {
                    "opacity": 1,
                    "padding": 5,
                  }
                }
              >
                <AntDesign
                  name="down"
                  size={23}
                  style={
                    [
                      {
                        "marginLeft": 0,
                      },
                      {
                        "marginRight": 0,
                      },
                      {
                        "color": "#b2b2b2",
                      },
                    ]
                  }
                />
              </View>
            </View>
            <View
              style={
                [
                  {
                    "alignItems": "center",
                    "flexDirection": "row",
                    "height": 45,
                    "justifyContent": "space-between",
                    "marginRight": 10,
                    "width": 90,
                  },
                  {
                    "height": 40,
                    "marginRight": 0,
                    "width": 80,
                  },
                  false,
                ]
              }
            >
              <View
                accessibilityState={
                  {
                    "busy": undefined,
                    "checked": undefined,
                    "disabled": undefined,
                    "expanded": undefined,
                    "selected": undefined,
                  }
                }
                accessibilityValue={
                  {
                    "max": undefined,
                    "min": undefined,
                    "now": undefined,
                    "text": undefined,
                  }
                }
                accessible={true}
                collapsable={false}
                focusable={true}
                onClick={[Function]}
                onResponderGrant={[Function]}
                onResponderMove={[Function]}
                onResponderRelease={[Function]}
                onResponderTerminate={[Function]}
                onResponderTerminationRequest={[Function]}
                onStartShouldSetResponder={[Function]}
                style={
                  {
                    "minWidth": 40,
                    "opacity": 1,
                    "padding": 5,
                  }
                }
              >
                <EvilIcons
                  name="pencil"
                  size={29}
                  style={
                    [
                      {
                        "marginRight": 0,
                      },
                      {
                        "color": "#b2b2b2",
                      },
                    ]
                  }
                />
              </View>
              <View
                accessibilityState={
                  {
                    "busy": undefined,
                    "checked": undefined,
                    "disabled": undefined,
                    "expanded": undefined,
                    "selected": undefined,
                  }
                }
                accessibilityValue={
                  {
                    "max": undefined,
                    "min": undefined,
                    "now": undefined,
                    "text": undefined,
                  }
                }
                accessible={true}
                collapsable={false}
                focusable={true}
                onClick={[Function]}
                onResponderGrant={[Function]}
                onResponderMove={[Function]}
                onResponderRelease={[Function]}
                onResponderTerminate={[Function]}
                onResponderTerminationRequest={[Function]}
                onStartShouldSetResponder={[Function]}
                style={
                  {
                    "minWidth": 40,
                    "opacity": 1,
                    "padding": 5,
                  }
                }
              >
                <Ionicons
                  name="trash-outline"
                  size={23}
                  style={
                    {
                      "color": "#b2b2b2",
                    }
                  }
                />
              </View>
            </View>
          </View>
        </View>
      </View>
    </View>
  </RCTScrollView>
</View>
`;

exports[`WebviewsManagementScreen should render correctly 1`] = `
<View
  style={
    {
      "flex": 1,
      "paddingHorizontal": "1%",
    }
  }
>
  <View
    style={
      {
        "alignItems": "center",
        "flexDirection": "row",
        "justifyContent": "space-between",
        "marginBottom": 5,
        "marginTop": 10,
        "paddingHorizontal": "2%",
        "paddingVertical": 15,
      }
    }
  >
    <View
      accessibilityState={
        {
          "busy": undefined,
          "checked": undefined,
          "disabled": undefined,
          "expanded": undefined,
          "selected": undefined,
        }
      }
      accessibilityValue={
        {
          "max": undefined,
          "min": undefined,
          "now": undefined,
          "text": undefined,
        }
      }
      accessible={true}
      collapsable={false}
      focusable={true}
      onClick={[Function]}
      onResponderGrant={[Function]}
      onResponderMove={[Function]}
      onResponderRelease={[Function]}
      onResponderTerminate={[Function]}
      onResponderTerminationRequest={[Function]}
      onStartShouldSetResponder={[Function]}
      style={
        {
          "opacity": 1,
        }
      }
    >
      <Ionicons
        color="#ffffff"
        name="close-outline"
        size={24}
      />
    </View>
    <View
      accessibilityState={
        {
          "busy": undefined,
          "checked": undefined,
          "disabled": undefined,
          "expanded": undefined,
          "selected": undefined,
        }
      }
      accessibilityValue={
        {
          "max": undefined,
          "min": undefined,
          "now": undefined,
          "text": undefined,
        }
      }
      accessible={true}
      collapsable={false}
      focusable={true}
      onClick={[Function]}
      onResponderGrant={[Function]}
      onResponderMove={[Function]}
      onResponderRelease={[Function]}
      onResponderTerminate={[Function]}
      onResponderTerminationRequest={[Function]}
      onStartShouldSetResponder={[Function]}
      style={
        {
          "opacity": 1,
        }
      }
    >
      <Entypo
        color="#ffffff"
        name="add-to-list"
        size={24}
      />
    </View>
  </View>
  <Text
    style={
      [
        {
          "fontFamily": "Raleway-Regular",
        },
        [
          {
            "color": "#b2b2b2",
            "fontSize": 18,
            "marginBottom": 20,
            "marginTop": 10,
            "textAlign": "center",
          },
          {
            "fontSize": 16,
          },
        ],
      ]
    }
  >
    Use the top right button to add a channel
  </Text>
  <RCTScrollView>
    <View>
      <View
        style={
          {
            "alignItems": "center",
            "marginTop": 10,
            "paddingBottom": 20,
          }
        }
      />
    </View>
  </RCTScrollView>
</View>
`;

exports[`WebviewsManagementScreen should render correctly with selectedWebviews 1`] = `
<View
  style={
    {
      "flex": 1,
      "paddingHorizontal": "1%",
    }
  }
>
  <View
    style={
      {
        "alignItems": "center",
        "flexDirection": "row",
        "justifyContent": "space-between",
        "marginBottom": 5,
        "marginTop": 10,
        "paddingHorizontal": "2%",
        "paddingVertical": 15,
      }
    }
  >
    <View
      accessibilityState={
        {
          "busy": undefined,
          "checked": undefined,
          "disabled": undefined,
          "expanded": undefined,
          "selected": undefined,
        }
      }
      accessibilityValue={
        {
          "max": undefined,
          "min": undefined,
          "now": undefined,
          "text": undefined,
        }
      }
      accessible={true}
      collapsable={false}
      focusable={true}
      onClick={[Function]}
      onResponderGrant={[Function]}
      onResponderMove={[Function]}
      onResponderRelease={[Function]}
      onResponderTerminate={[Function]}
      onResponderTerminationRequest={[Function]}
      onStartShouldSetResponder={[Function]}
      style={
        {
          "opacity": 1,
        }
      }
    >
      <Ionicons
        color="#ffffff"
        name="close-outline"
        size={24}
      />
    </View>
    <View
      accessibilityState={
        {
          "busy": undefined,
          "checked": undefined,
          "disabled": undefined,
          "expanded": undefined,
          "selected": undefined,
        }
      }
      accessibilityValue={
        {
          "max": undefined,
          "min": undefined,
          "now": undefined,
          "text": undefined,
        }
      }
      accessible={true}
      collapsable={false}
      focusable={true}
      onClick={[Function]}
      onResponderGrant={[Function]}
      onResponderMove={[Function]}
      onResponderRelease={[Function]}
      onResponderTerminate={[Function]}
      onResponderTerminationRequest={[Function]}
      onStartShouldSetResponder={[Function]}
      style={
        {
          "opacity": 1,
        }
      }
    >
      <Entypo
        color="#ffffff"
        name="add-to-list"
        size={24}
      />
    </View>
  </View>
  <RCTScrollView>
    <View>
      <View
        style={
          {
            "alignItems": "center",
            "marginTop": 10,
            "paddingBottom": 20,
          }
        }
      >
        <View
          style={
            [
              {
                "alignItems": "center",
                "backgroundColor": "#1e1e1e",
                "borderColor": "#403430",
                "borderRadius": 16,
                "borderWidth": 1,
                "flexDirection": "row",
                "height": 75,
                "justifyContent": "space-between",
                "marginVertical": 15,
                "width": "95%",
              },
              {
                "height": 65,
                "marginVertical": 10,
                "width": "100%",
              },
            ]
          }
        >
          <View
            accessibilityState={
              {
                "busy": undefined,
                "checked": undefined,
                "disabled": undefined,
                "expanded": undefined,
                "selected": undefined,
              }
            }
            accessibilityValue={
              {
                "max": undefined,
                "min": undefined,
                "now": undefined,
                "text": undefined,
              }
            }
            accessible={true}
            collapsable={false}
            focusable={true}
            onClick={[Function]}
            onResponderGrant={[Function]}
            onResponderMove={[Function]}
            onResponderRelease={[Function]}
            onResponderTerminate={[Function]}
            onResponderTerminationRequest={[Function]}
            onStartShouldSetResponder={[Function]}
            style={
              {
                "flex": 0.85,
                "opacity": 1,
                "paddingLeft": 15,
              }
            }
          >
            <Text
              ellipsizeMode="tail"
              numberOfLines={1}
              style={
                [
                  {
                    "fontFamily": "Raleway-Regular",
                  },
                  [
                    {
                      "color": "#b2b2b2",
                      "fontSize": 18,
                    },
                    {
                      "fontSize": 14,
                    },
                    false,
                  ],
                ]
              }
            >
              Google
            </Text>
          </View>
          <View
            style={
              [
                {
                  "alignItems": "center",
                  "flexDirection": "row",
                  "paddingRight": "2%",
                },
                {
                  "flex": 0.55,
                  "justifyContent": "flex-end",
                  "paddingRight": 5,
                },
              ]
            }
          >
            <View
              style={
                [
                  {
                    "flexDirection": "row",
                    "marginRight": 30,
                  },
                  {
                    "marginRight": 5,
                  },
                  false,
                ]
              }
            >
              <View
                accessibilityState={
                  {
                    "busy": undefined,
                    "checked": undefined,
                    "disabled": undefined,
                    "expanded": undefined,
                    "selected": undefined,
                  }
                }
                accessibilityValue={
                  {
                    "max": undefined,
                    "min": undefined,
                    "now": undefined,
                    "text": undefined,
                  }
                }
                accessible={true}
                collapsable={false}
                focusable={true}
                onClick={[Function]}
                onResponderGrant={[Function]}
                onResponderMove={[Function]}
                onResponderRelease={[Function]}
                onResponderTerminate={[Function]}
                onResponderTerminationRequest={[Function]}
                onStartShouldSetResponder={[Function]}
                style={
                  {
                    "opacity": 1,
                    "padding": 5,
                  }
                }
              >
                <AntDesign
                  name="up"
                  size={23}
                  style={
                    [
                      {
                        "marginRight": 0,
                      },
                      {
                        "color": "#b2b2b2",
                      },
                    ]
                  }
                />
              </View>
              <View
                accessibilityState={
                  {
                    "busy": undefined,
                    "checked": undefined,
                    "disabled": undefined,
                    "expanded": undefined,
                    "selected": undefined,
                  }
                }
                accessibilityValue={
                  {
                    "max": undefined,
                    "min": undefined,
                    "now": undefined,
                    "text": undefined,
                  }
                }
                accessible={true}
                collapsable={false}
                focusable={true}
                onClick={[Function]}
                onResponderGrant={[Function]}
                onResponderMove={[Function]}
                onResponderRelease={[Function]}
                onResponderTerminate={[Function]}
                onResponderTerminationRequest={[Function]}
                onStartShouldSetResponder={[Function]}
                style={
                  {
                    "opacity": 1,
                    "padding": 5,
                  }
                }
              >
                <AntDesign
                  name="down"
                  size={23}
                  style={
                    [
                      {
                        "marginLeft": 0,
                      },
                      {
                        "marginRight": 0,
                      },
                      {
                        "color": "#b2b2b2",
                      },
                    ]
                  }
                />
              </View>
            </View>
            <View
              style={
                [
                  {
                    "alignItems": "center",
                    "flexDirection": "row",
                    "height": 45,
                    "justifyContent": "space-between",
                    "marginRight": 10,
                    "width": 90,
                  },
                  {
                    "height": 40,
                    "marginRight": 0,
                    "width": 80,
                  },
                  false,
                ]
              }
            >
              <View
                accessibilityState={
                  {
                    "busy": undefined,
                    "checked": undefined,
                    "disabled": undefined,
                    "expanded": undefined,
                    "selected": undefined,
                  }
                }
                accessibilityValue={
                  {
                    "max": undefined,
                    "min": undefined,
                    "now": undefined,
                    "text": undefined,
                  }
                }
                accessible={true}
                collapsable={false}
                focusable={true}
                onClick={[Function]}
                onResponderGrant={[Function]}
                onResponderMove={[Function]}
                onResponderRelease={[Function]}
                onResponderTerminate={[Function]}
                onResponderTerminationRequest={[Function]}
                onStartShouldSetResponder={[Function]}
                style={
                  {
                    "minWidth": 40,
                    "opacity": 1,
                    "padding": 5,
                  }
                }
              >
                <EvilIcons
                  name="pencil"
                  size={29}
                  style={
                    [
                      {
                        "marginRight": 0,
                      },
                      {
                        "color": "#b2b2b2",
                      },
                    ]
                  }
                />
              </View>
              <View
                accessibilityState={
                  {
                    "busy": undefined,
                    "checked": undefined,
                    "disabled": undefined,
                    "expanded": undefined,
                    "selected": undefined,
                  }
                }
                accessibilityValue={
                  {
                    "max": undefined,
                    "min": undefined,
                    "now": undefined,
                    "text": undefined,
                  }
                }
                accessible={true}
                collapsable={false}
                focusable={true}
                onClick={[Function]}
                onResponderGrant={[Function]}
                onResponderMove={[Function]}
                onResponderRelease={[Function]}
                onResponderTerminate={[Function]}
                onResponderTerminationRequest={[Function]}
                onStartShouldSetResponder={[Function]}
                style={
                  {
                    "minWidth": 40,
                    "opacity": 1,
                    "padding": 5,
                  }
                }
              >
                <Ionicons
                  name="trash-outline"
                  size={23}
                  style={
                    {
                      "color": "#b2b2b2",
                    }
                  }
                />
              </View>
            </View>
          </View>
        </View>
      </View>
    </View>
  </RCTScrollView>
</View>
`;

exports[`WebviewsManagementScreen should render correctly with selectedWebviews and isReadOnly 1`] = `
<View
  style={
    {
      "flex": 1,
      "paddingHorizontal": "1%",
    }
  }
>
  <View
    style={
      {
        "alignItems": "center",
        "flexDirection": "row",
        "justifyContent": "space-between",
        "marginBottom": 5,
        "marginTop": 10,
        "paddingHorizontal": "2%",
        "paddingVertical": 15,
      }
    }
  >
    <View
      accessibilityState={
        {
          "busy": undefined,
          "checked": undefined,
          "disabled": undefined,
          "expanded": undefined,
          "selected": undefined,
        }
      }
      accessibilityValue={
        {
          "max": undefined,
          "min": undefined,
          "now": undefined,
          "text": undefined,
        }
      }
      accessible={true}
      collapsable={false}
      focusable={true}
      onClick={[Function]}
      onResponderGrant={[Function]}
      onResponderMove={[Function]}
      onResponderRelease={[Function]}
      onResponderTerminate={[Function]}
      onResponderTerminationRequest={[Function]}
      onStartShouldSetResponder={[Function]}
      style={
        {
          "opacity": 1,
        }
      }
    >
      <Ionicons
        color="#ffffff"
        name="close-outline"
        size={24}
      />
    </View>
  </View>
  <RCTScrollView>
    <View>
      <View
        style={
          {
            "alignItems": "center",
            "marginTop": 10,
            "paddingBottom": 20,
          }
        }
      >
        <View
          style={
            [
              {
                "alignItems": "center",
                "backgroundColor": "#1e1e1e",
                "borderColor": "#403430",
                "borderRadius": 16,
                "borderWidth": 1,
                "flexDirection": "row",
                "height": 75,
                "justifyContent": "space-between",
                "marginVertical": 15,
                "width": "95%",
              },
              {
                "height": 65,
                "marginVertical": 10,
                "width": "100%",
              },
            ]
          }
        >
          <View
            accessibilityState={
              {
                "busy": undefined,
                "checked": undefined,
                "disabled": undefined,
                "expanded": undefined,
                "selected": undefined,
              }
            }
            accessibilityValue={
              {
                "max": undefined,
                "min": undefined,
                "now": undefined,
                "text": undefined,
              }
            }
            accessible={true}
            collapsable={false}
            focusable={true}
            onClick={[Function]}
            onResponderGrant={[Function]}
            onResponderMove={[Function]}
            onResponderRelease={[Function]}
            onResponderTerminate={[Function]}
            onResponderTerminationRequest={[Function]}
            onStartShouldSetResponder={[Function]}
            style={
              {
                "flex": 0.85,
                "opacity": 1,
                "paddingLeft": 15,
              }
            }
          >
            <Text
              ellipsizeMode="tail"
              numberOfLines={1}
              style={
                [
                  {
                    "fontFamily": "Raleway-Regular",
                  },
                  [
                    {
                      "color": "#b2b2b2",
                      "fontSize": 18,
                    },
                    {
                      "fontSize": 14,
                    },
                    false,
                  ],
                ]
              }
            >
              Google
            </Text>
          </View>
        </View>
      </View>
    </View>
  </RCTScrollView>
</View>
`;

exports[`WebviewsManagementScreen should render correctly with selectedWebviews and onImport 1`] = `
<View
  style={
    {
      "flex": 1,
      "paddingHorizontal": "1%",
    }
  }
>
  <View
    style={
      {
        "alignItems": "center",
        "flexDirection": "row",
        "justifyContent": "space-between",
        "marginBottom": 5,
        "marginTop": 10,
        "paddingHorizontal": "2%",
        "paddingVertical": 15,
      }
    }
  >
    <View
      accessibilityState={
        {
          "busy": undefined,
          "checked": undefined,
          "disabled": undefined,
          "expanded": undefined,
          "selected": undefined,
        }
      }
      accessibilityValue={
        {
          "max": undefined,
          "min": undefined,
          "now": undefined,
          "text": undefined,
        }
      }
      accessible={true}
      collapsable={false}
      focusable={true}
      onClick={[Function]}
      onResponderGrant={[Function]}
      onResponderMove={[Function]}
      onResponderRelease={[Function]}
      onResponderTerminate={[Function]}
      onResponderTerminationRequest={[Function]}
      onStartShouldSetResponder={[Function]}
      style={
        {
          "opacity": 1,
        }
      }
    >
      <Ionicons
        color="#ffffff"
        name="close-outline"
        size={24}
      />
    </View>
    <View
      accessibilityState={
        {
          "busy": undefined,
          "checked": undefined,
          "disabled": undefined,
          "expanded": undefined,
          "selected": undefined,
        }
      }
      accessibilityValue={
        {
          "max": undefined,
          "min": undefined,
          "now": undefined,
          "text": undefined,
        }
      }
      accessible={true}
      collapsable={false}
      focusable={true}
      onClick={[Function]}
      onResponderGrant={[Function]}
      onResponderMove={[Function]}
      onResponderRelease={[Function]}
      onResponderTerminate={[Function]}
      onResponderTerminationRequest={[Function]}
      onStartShouldSetResponder={[Function]}
      style={
        {
          "opacity": 1,
        }
      }
    >
      <Entypo
        color="#ffffff"
        name="add-to-list"
        size={24}
      />
    </View>
  </View>
  <RCTScrollView>
    <View>
      <View
        style={
          {
            "alignItems": "center",
            "marginTop": 10,
            "paddingBottom": 20,
          }
        }
      >
        <View
          style={
            [
              {
                "alignItems": "center",
                "backgroundColor": "#1e1e1e",
                "borderColor": "#403430",
                "borderRadius": 16,
                "borderWidth": 1,
                "flexDirection": "row",
                "height": 75,
                "justifyContent": "space-between",
                "marginVertical": 15,
                "width": "95%",
              },
              {
                "height": 65,
                "marginVertical": 10,
                "width": "100%",
              },
            ]
          }
        >
          <View
            accessibilityState={
              {
                "busy": undefined,
                "checked": undefined,
                "disabled": undefined,
                "expanded": undefined,
                "selected": undefined,
              }
            }
            accessibilityValue={
              {
                "max": undefined,
                "min": undefined,
                "now": undefined,
                "text": undefined,
              }
            }
            accessible={true}
            collapsable={false}
            focusable={true}
            onClick={[Function]}
            onResponderGrant={[Function]}
            onResponderMove={[Function]}
            onResponderRelease={[Function]}
            onResponderTerminate={[Function]}
            onResponderTerminationRequest={[Function]}
            onStartShouldSetResponder={[Function]}
            style={
              {
                "flex": 0.85,
                "opacity": 1,
                "paddingLeft": 15,
              }
            }
          >
            <Text
              ellipsizeMode="tail"
              numberOfLines={1}
              style={
                [
                  {
                    "fontFamily": "Raleway-Regular",
                  },
                  [
                    {
                      "color": "#b2b2b2",
                      "fontSize": 18,
                    },
                    {
                      "fontSize": 14,
                    },
                    false,
                  ],
                ]
              }
            >
              Google
            </Text>
          </View>
          <View
            style={
              [
                {
                  "alignItems": "center",
                  "flexDirection": "row",
                  "paddingRight": "2%",
                },
                {
                  "flex": 0.55,
                  "justifyContent": "flex-end",
                  "paddingRight": 5,
                },
              ]
            }
          >
            <View
              style={
                [
                  {
                    "flexDirection": "row",
                    "marginRight": 30,
                  },
                  {
                    "marginRight": 5,
                  },
                  false,
                ]
              }
            >
              <View
                accessibilityState={
                  {
                    "busy": undefined,
                    "checked": undefined,
                    "disabled": undefined,
                    "expanded": undefined,
                    "selected": undefined,
                  }
                }
                accessibilityValue={
                  {
                    "max": undefined,
                    "min": undefined,
                    "now": undefined,
                    "text": undefined,
                  }
                }
                accessible={true}
                collapsable={false}
                focusable={true}
                onClick={[Function]}
                onResponderGrant={[Function]}
                onResponderMove={[Function]}
                onResponderRelease={[Function]}
                onResponderTerminate={[Function]}
                onResponderTerminationRequest={[Function]}
                onStartShouldSetResponder={[Function]}
                style={
                  {
                    "opacity": 1,
                    "padding": 5,
                  }
                }
              >
                <AntDesign
                  name="up"
                  size={23}
                  style={
                    [
                      {
                        "marginRight": 0,
                      },
                      {
                        "color": "#b2b2b2",
                      },
                    ]
                  }
                />
              </View>
              <View
                accessibilityState={
                  {
                    "busy": undefined,
                    "checked": undefined,
                    "disabled": undefined,
                    "expanded": undefined,
                    "selected": undefined,
                  }
                }
                accessibilityValue={
                  {
                    "max": undefined,
                    "min": undefined,
                    "now": undefined,
                    "text": undefined,
                  }
                }
                accessible={true}
                collapsable={false}
                focusable={true}
                onClick={[Function]}
                onResponderGrant={[Function]}
                onResponderMove={[Function]}
                onResponderRelease={[Function]}
                onResponderTerminate={[Function]}
                onResponderTerminationRequest={[Function]}
                onStartShouldSetResponder={[Function]}
                style={
                  {
                    "opacity": 1,
                    "padding": 5,
                  }
                }
              >
                <AntDesign
                  name="down"
                  size={23}
                  style={
                    [
                      {
                        "marginLeft": 0,
                      },
                      {
                        "marginRight": 0,
                      },
                      {
                        "color": "#b2b2b2",
                      },
                    ]
                  }
                />
              </View>
            </View>
            <View
              style={
                [
                  {
                    "alignItems": "center",
                    "flexDirection": "row",
                    "height": 45,
                    "justifyContent": "space-between",
                    "marginRight": 10,
                    "width": 90,
                  },
                  {
                    "height": 40,
                    "marginRight": 0,
                    "width": 80,
                  },
                  false,
                ]
              }
            >
              <View
                accessibilityState={
                  {
                    "busy": undefined,
                    "checked": undefined,
                    "disabled": undefined,
                    "expanded": undefined,
                    "selected": undefined,
                  }
                }
                accessibilityValue={
                  {
                    "max": undefined,
                    "min": undefined,
                    "now": undefined,
                    "text": undefined,
                  }
                }
                accessible={true}
                collapsable={false}
                focusable={true}
                onClick={[Function]}
                onResponderGrant={[Function]}
                onResponderMove={[Function]}
                onResponderRelease={[Function]}
                onResponderTerminate={[Function]}
                onResponderTerminationRequest={[Function]}
                onStartShouldSetResponder={[Function]}
                style={
                  {
                    "minWidth": 40,
                    "opacity": 1,
                    "padding": 5,
                  }
                }
              >
                <EvilIcons
                  name="pencil"
                  size={29}
                  style={
                    [
                      {
                        "marginRight": 0,
                      },
                      {
                        "color": "#b2b2b2",
                      },
                    ]
                  }
                />
              </View>
              <View
                accessibilityState={
                  {
                    "busy": undefined,
                    "checked": undefined,
                    "disabled": undefined,
                    "expanded": undefined,
                    "selected": undefined,
                  }
                }
                accessibilityValue={
                  {
                    "max": undefined,
                    "min": undefined,
                    "now": undefined,
                    "text": undefined,
                  }
                }
                accessible={true}
                collapsable={false}
                focusable={true}
                onClick={[Function]}
                onResponderGrant={[Function]}
                onResponderMove={[Function]}
                onResponderRelease={[Function]}
                onResponderTerminate={[Function]}
                onResponderTerminationRequest={[Function]}
                onStartShouldSetResponder={[Function]}
                style={
                  {
                    "minWidth": 40,
                    "opacity": 1,
                    "padding": 5,
                  }
                }
              >
                <Ionicons
                  name="trash-outline"
                  size={23}
                  style={
                    {
                      "color": "#b2b2b2",
                    }
                  }
                />
              </View>
            </View>
          </View>
        </View>
      </View>
    </View>
  </RCTScrollView>
</View>
`;
